main.c:69:6:SelectCh4	24	static
main.c:81:6:SelectCh5	24	static
main.c:94:6:SelectCh6	24	static
main.c:109:6:SelectCh7	24	static
main.c:121:6:SelectCh8	24	static
main.c:132:6:SelectCh9	24	static
main.c:144:6:SelectCh12	24	static
main.c:156:6:SelectCh14	24	static
main.c:169:6:SelectCh15	24	static
main.c:181:6:UART_BMM_INIT	8	static
main.c:273:5:main	104	static
main.c:630:6:SystemClock_Config	88	static
main.c:674:13:MX_ADC1_Init	24	static
main.c:788:13:MX_TIM2_Init	32	static
main.c:833:13:MX_USART1_UART_Init	8	static
main.c:866:13:MX_USART2_UART_Init	8	static
main.c:899:13:MX_GPIO_Init	56	static
main.c:957:7:HAL_TIM_PeriodElapsedCallback	16	static
main.c:1028:6:Error_Handler	4	static,ignoring_inline_asm
